#
# A fatal error has been detected by the Java Runtime Environment:
#
#  EXCEPTION_ACCESS_VIOLATION (0xc0000005) at pc=0x00007ffb07fa0184, pid=4232, tid=13140
#
# JRE version: OpenJDK Runtime Environment (22.0.2+9) (build 22.0.2+9-70)
# Java VM: OpenJDK 64-Bit Server VM (22.0.2+9-70, mixed mode, sharing, tiered, compressed oops, compressed class ptrs, g1 gc, windows-amd64)
# Problematic frame:
# V  [jvm.dll+0x170184]
#
# No core dump will be written. Minidumps are not enabled by default on client versions of Windows
#
# If you would like to submit a bug report, please visit:
#   https://bugreport.java.com/bugreport/crash.jsp
#

---------------  S U M M A R Y ------------

Command Line: --enable-preview -javaagent:D:\Javaa\IntelliJ IDEA Community Edition 2024.2.0.1\lib\idea_rt.jar=58723 -Dfile.encoding=UTF-8 -Dsun.stdout.encoding=UTF-8 -Dsun.stderr.encoding=UTF-8 concesionaria.example.Concesionaria.ConcesionariaApplication

Host: AMD Ryzen 5 3400G with Radeon Vega Graphics    , 8 cores, 13G,  Windows 10 , 64 bit Build 19041 (10.0.19041.5915)
Time: Tue Sep  1 17:43:37 2026 Hora estándar de Argentina elapsed time: 0.816494 seconds (0d 0h 0m 0s)

---------------  T H R E A D  ---------------

Current thread (0x00000198cb8a8dd0):  JavaThread "C1 CompilerThread0" daemon [_thread_in_native, id=13140, stack(0x000000378f800000,0x000000378f900000) (1024K)]


Current CompileTask:
C1:816  929       3       java.net.URLStreamHandler::parseURL (1124 bytes)

Stack: [0x000000378f800000,0x000000378f900000],  sp=0x000000378f8fe8c0,  free space=1018k
Native frames: (J=compiled Java code, j=interpreted, Vv=VM code, C=native code)
V  [jvm.dll+0x170184]  (no source info available)
V  [jvm.dll+0x16ffbb]  (no source info available)
V  [jvm.dll+0x153ba9]  (no source info available)
V  [jvm.dll+0x15365d]  (no source info available)
V  [jvm.dll+0x1538a0]  (no source info available)
V  [jvm.dll+0x152c1d]  (no source info available)
V  [jvm.dll+0x154add]  (no source info available)
V  [jvm.dll+0x2568f3]  (no source info available)
V  [jvm.dll+0x254baa]  (no source info available)
V  [jvm.dll+0x3f57a6]  (no source info available)
V  [jvm.dll+0x81dc0b]  (no source info available)
V  [jvm.dll+0x6e0d85]  (no source info available)
C  [ucrtbase.dll+0x21bb2]  (no source info available)
C  [KERNEL32.DLL+0x17374]  (no source info available)
C  [ntdll.dll+0x4cc91]  (no source info available)


siginfo: EXCEPTION_ACCESS_VIOLATION (0xc0000005), reading address 0xffffffffffffffff


Registers:
RAX=0x00407ffb087e29f8, RBX=0x000000378f8fe960, RCX=0x00000198cbaa6fe8, RDX=0x000000378f8fe960
RSP=0x000000378f8fe8c0, RBP=0x00000000000001fc, RSI=0x00000198cbaa6fe8, RDI=0x00000000000001df
R8 =0x0000000000000001, R9 =0x0000000000000008, R10=0x000000000000004c, R11=0x000000378f8fe7e0
R12=0x0000000000000009, R13=0x00000198cbaa69c8, R14=0x00000198cbb02778, R15=0x0000000000000007
RIP=0x00007ffb07fa0184, EFLAGS=0x0000000000010246


Register to memory mapping:

RAX=0x00407ffb087e29f8 is an unknown value
RBX=0x000000378f8fe960 is pointing into the stack for thread: 0x00000198cb8a8dd0
RCX=0x00000198cbaa6fe8 points into unknown readable memory: 0x00407ffb087e29f8 | f8 29 7e 08 fb 7f 40 00
RDX=0x000000378f8fe960 is pointing into the stack for thread: 0x00000198cb8a8dd0
RSP=0x000000378f8fe8c0 is pointing into the stack for thread: 0x00000198cb8a8dd0
RBP=0x00000000000001fc is an unknown value
RSI=0x00000198cbaa6fe8 points into unknown readable memory: 0x00407ffb087e29f8 | f8 29 7e 08 fb 7f 40 00
RDI=0x00000000000001df is an unknown value
R8 =0x0000000000000001 is an unknown value
R9 =0x0000000000000008 is an unknown value
R10=0x000000000000004c is an unknown value
R11=0x000000378f8fe7e0 is pointing into the stack for thread: 0x00000198cb8a8dd0
R12=0x0000000000000009 is an unknown value
R13=0x00000198cbaa69c8 points into unknown readable memory: 0x0000001000000009 | 09 00 00 00 10 00 00 00
R14=0x00000198cbb02778 points into unknown readable memory: 0x00000270000001fc | fc 01 00 00 70 02 00 00
R15=0x0000000000000007 is an unknown value

Top of Stack: (sp=0x000000378f8fe8c0)
0x000000378f8fe8c0:   000000378f8fe960 00000198cbaa6a60
0x000000378f8fe8d0:   000000378f8fe960 000000378f8fe960
0x000000378f8fe8e0:   0000000000000000 00000198cbb02778
0x000000378f8fe8f0:   000000378f8ff400 00000198cb880dd0
0x000000378f8fe900:   000000378f8fe960 00007ffb07f9ffbb
0x000000378f8fe910:   00000000000001fc 00000198cbb15138
0x000000378f8fe920:   00000000000001df 0000000000000000
0x000000378f8fe930:   00007ffb08a0ba10 00007ffb07f83ba9
0x000000378f8fe940:   0000019911c4c588 000000378f8fed60
0x000000378f8fe950:   000000378f8fec80 0000000000000000
0x000000378f8fe960:   0000019911c4c588 0000019911c4c5b8
0x000000378f8fe970:   000000378f8fec80 00000198cbadb270
0x000000378f8fe980:   0000000000000000 0000000000000000
0x000000378f8fe990:   0000000000000000 00000198ffffffff
0x000000378f8fe9a0:   0000000000000000 0000000000000000
0x000000378f8fe9b0:   0000000000000000 0000000000000000
0x000000378f8fe9c0:   0000ab5ed68c164a 000000378f8fec80
0x000000378f8fe9d0:   000000378f8fec80 00007ffb07f8365d
0x000000378f8fe9e0:   00000199119f3710 00000198cbadb270
0x000000378f8fe9f0:   0000000000000000 00000199119f3710
0x000000378f8fea00:   00000198cb8a9500 0000000000000640
0x000000378f8fea10:   0000000000000000 0000000000000000
0x000000378f8fea20:   0000000000000000 00007ffb080c5000
0x000000378f8fea30:   000000378f8feca0 00007ffb087ea900
0x000000378f8fea40:   0000000000000000 0000000000000000
0x000000378f8fea50:   000000000000000b 00000000000003d8
0x000000378f8fea60:   00000000000003d8 00007ffb07f838a0
0x000000378f8fea70:   000000378f8fec80 000000378f8feca0
0x000000378f8fea80:   00000199119f3710 0000000700000022
0x000000378f8fea90:   0000000000000000 00000000ffffffff
0x000000378f8feaa0:   0000019800000000 00000198cb8a94d0
0x000000378f8feab0:   0000000000000008 000000378f8fed20 

Instructions: (pc=0x00007ffb07fa0184)
0x00007ffb07fa0084:   48 8b 04 07 83 78 18 ff 75 36 48 8b 50 10 48 85
0x00007ffb07fa0094:   d2 74 20 83 3a 01 7e 1b 49 8b 0f 4c 8b 41 08 41
0x00007ffb07fa00a4:   8b 48 10 41 2b 08 89 48 18 49 8b cf e8 4b 00 00
0x00007ffb07fa00b4:   00 eb 0d 48 8b 48 08 8b 91 00 01 00 00 89 50 18
0x00007ffb07fa00c4:   ff c3 48 83 c7 08 3b 1e 7c b2 ff c5 49 83 c6 08
0x00007ffb07fa00d4:   41 3b 6d 00 7c 86 4c 8b 74 24 58 48 8b 7c 24 50
0x00007ffb07fa00e4:   48 8b 74 24 48 48 8b 5c 24 40 48 83 c4 20 41 5f
0x00007ffb07fa00f4:   41 5d 5d c3 cc cc cc cc cc cc cc cc 40 53 41 54
0x00007ffb07fa0104:   41 55 48 83 ec 30 4c 8b ea 48 8b d9 e8 db a6 e9
0x00007ffb07fa0114:   ff 4d 63 65 00 4d 85 e4 0f 8e 36 01 00 00 48 89
0x00007ffb07fa0124:   74 24 58 4c 89 7c 24 20 45 33 ff 48 89 6c 24 50
0x00007ffb07fa0134:   48 89 7c 24 60 4c 89 74 24 28 66 90 49 8b 45 08
0x00007ffb07fa0144:   4a 8b 34 f8 48 8b 03 48 8b 48 08 8b 41 18 2b 41
0x00007ffb07fa0154:   10 3d 00 08 00 00 7d 10 48 8b 4b 10 48 8d 15 49
0x00007ffb07fa0164:   26 85 00 e8 44 2e fe ff 48 8b 43 10 48 83 78 70
0x00007ffb07fa0174:   00 0f 85 c4 00 00 00 48 8b 06 48 8b d3 48 8b ce
0x00007ffb07fa0184:   ff 50 10 48 8b 4b 10 e8 e0 38 fe ff 80 78 08 00
0x00007ffb07fa0194:   0f 84 99 00 00 00 48 8b 76 28 48 85 f6 0f 84 8c
0x00007ffb07fa01a4:   00 00 00 48 8b 03 48 8b 48 08 8b 79 10 2b 39 48
0x00007ffb07fa01b4:   39 73 28 74 77 48 8b 06 48 8b ce ff 90 b8 00 00
0x00007ffb07fa01c4:   00 48 85 c0 74 06 48 8b 68 60 eb 04 48 8b 6e 40
0x00007ffb07fa01d4:   48 85 ed 74 5a 4c 8b 73 28 4d 85 f6 74 35 49 8b
0x00007ffb07fa01e4:   06 49 8b ce ff 90 b8 00 00 00 48 85 c0 74 06 48
0x00007ffb07fa01f4:   8b 40 60 eb 04 49 8b 46 40 48 3b c5 74 2e 39 7b
0x00007ffb07fa0204:   30 7d 08 48 8b cb e8 b1 0e 00 00 48 c7 43 28 00
0x00007ffb07fa0214:   00 00 00 48 8b 4b 10 e8 50 38 fe ff 48 8b c8 e8
0x00007ffb07fa0224:   e8 09 00 00 3b f8 7e 07 48 89 73 28 89 7b 30 49
0x00007ffb07fa0234:   ff c7 4d 3b fc 0f 8c 01 ff ff ff 4c 8b 74 24 28
0x00007ffb07fa0244:   48 8b 7c 24 60 48 8b 6c 24 50 48 8b 74 24 58 4c
0x00007ffb07fa0254:   8b 7c 24 20 48 83 c4 30 41 5d 41 5c 5b c3 cc cc
0x00007ffb07fa0264:   cc cc cc cc cc cc cc cc cc cc cc cc 40 56 48 83
0x00007ffb07fa0274:   ec 20 0f b7 42 10 48 8b f1 83 c0 fe 83 f8 0f 0f 


Stack slot to memory mapping:

stack at sp + 0 slots: 0x000000378f8fe960 is pointing into the stack for thread: 0x00000198cb8a8dd0
stack at sp + 1 slots: 0x00000198cbaa6a60 points into unknown readable memory: 0x00007ffb087e2af8 | f8 2a 7e 08 fb 7f 00 00
stack at sp + 2 slots: 0x000000378f8fe960 is pointing into the stack for thread: 0x00000198cb8a8dd0
stack at sp + 3 slots: 0x000000378f8fe960 is pointing into the stack for thread: 0x00000198cb8a8dd0
stack at sp + 4 slots: 0x0 is null
stack at sp + 5 slots: 0x00000198cbb02778 points into unknown readable memory: 0x00000270000001fc | fc 01 00 00 70 02 00 00
stack at sp + 6 slots: 0x000000378f8ff400 is pointing into the stack for thread: 0x00000198cb8a8dd0
stack at sp + 7 slots: 0x00000198cb880dd0 points into unknown readable memory: 0x00007ffb087eb030 | 30 b0 7e 08 fb 7f 00 00


---------------  P R O C E S S  ---------------

Threads class SMR info:
_java_thread_list=0x00000198cb89cc10, length=13, elements={
0x00000198ad231170, 0x00000198cb899840, 0x00000198cb89a910, 0x00000198cb89d340,
0x00000198cb89fdb0, 0x00000198cb8a29d0, 0x00000198cb8a4440, 0x00000198cb8a8320,
0x00000198cb8a8dd0, 0x00000198cbc16d80, 0x00000198cbc5def0, 0x00000198cbd53270,
0x00000198cbd53900
}

Java Threads: ( => current thread )
  0x00000198ad231170 JavaThread "main"                              [_thread_in_native, id=11884, stack(0x000000378e900000,0x000000378ea00000) (1024K)]
  0x00000198cb899840 JavaThread "Reference Handler"          daemon [_thread_blocked, id=9636, stack(0x000000378f100000,0x000000378f200000) (1024K)]
  0x00000198cb89a910 JavaThread "Finalizer"                  daemon [_thread_blocked, id=13216, stack(0x000000378f200000,0x000000378f300000) (1024K)]
  0x00000198cb89d340 JavaThread "Signal Dispatcher"          daemon [_thread_blocked, id=20824, stack(0x000000378f300000,0x000000378f400000) (1024K)]
  0x00000198cb89fdb0 JavaThread "Attach Listener"            daemon [_thread_blocked, id=12936, stack(0x000000378f400000,0x000000378f500000) (1024K)]
  0x00000198cb8a29d0 JavaThread "Service Thread"             daemon [_thread_blocked, id=11456, stack(0x000000378f500000,0x000000378f600000) (1024K)]
  0x00000198cb8a4440 JavaThread "Monitor Deflation Thread"   daemon [_thread_blocked, id=19896, stack(0x000000378f600000,0x000000378f700000) (1024K)]
  0x00000198cb8a8320 JavaThread "C2 CompilerThread0"         daemon [_thread_blocked, id=9904, stack(0x000000378f700000,0x000000378f800000) (1024K)]
=>0x00000198cb8a8dd0 JavaThread "C1 CompilerThread0"         daemon [_thread_in_native, id=13140, stack(0x000000378f800000,0x000000378f900000) (1024K)]
  0x00000198cbc16d80 JavaThread "Common-Cleaner"             daemon [_thread_blocked, id=13248, stack(0x000000378f900000,0x000000378fa00000) (1024K)]
  0x00000198cbc5def0 JavaThread "C2 CompilerThread1"         daemon [_thread_in_native, id=20400, stack(0x000000378fa00000,0x000000378fb00000) (1024K)]
  0x00000198cbd53270 JavaThread "Monitor Ctrl-Break"         daemon [_thread_in_native, id=10800, stack(0x000000378fb00000,0x000000378fc00000) (1024K)]
  0x00000198cbd53900 JavaThread "Notification Thread"        daemon [_thread_blocked, id=13228, stack(0x000000378fc00000,0x000000378fd00000) (1024K)]
Total: 13

Other Threads:
  0x00000198cb881ec0 VMThread "VM Thread"                           [id=19660, stack(0x000000378f000000,0x000000378f100000) (1024K)]
  0x00000198cb869720 WatcherThread "VM Periodic Task Thread"        [id=9620, stack(0x000000378ef00000,0x000000378f000000) (1024K)]
  0x00000198ad28e420 WorkerThread "GC Thread#0"                     [id=17464, stack(0x000000378ea00000,0x000000378eb00000) (1024K)]
  0x00000198ad29d490 ConcurrentGCThread "G1 Main Marker"            [id=7324, stack(0x000000378eb00000,0x000000378ec00000) (1024K)]
  0x00000198ad29e740 WorkerThread "G1 Conc#0"                       [id=21188, stack(0x000000378ec00000,0x000000378ed00000) (1024K)]
  0x00000198cb7391e0 ConcurrentGCThread "G1 Refine#0"               [id=12324, stack(0x000000378ed00000,0x000000378ee00000) (1024K)]
  0x00000198cb73ab80 ConcurrentGCThread "G1 Service"                [id=20688, stack(0x000000378ee00000,0x000000378ef00000) (1024K)]
Total: 7

Threads with active compile tasks:
C1 CompilerThread0  925  929       3       java.net.URLStreamHandler::parseURL (1124 bytes)
Total: 1

VM state: not at safepoint (normal execution)

VM Mutex/Monitor currently owned by a thread: None

Heap address: 0x0000000721200000, size: 3566 MB, Compressed Oops mode: Zero based, Oop shift amount: 3

CDS archive(s) mapped at: [0x00000198cc000000-0x00000198ccc60000-0x00000198ccc60000), size 12976128, SharedBaseAddress: 0x00000198cc000000, ArchiveRelocationMode: 1.
Compressed class space mapped at: 0x00000198cd000000-0x000001990d000000, reserved size: 1073741824
Narrow klass base: 0x00000198cc000000, Narrow klass shift: 0, Narrow klass range: 0x41000000

GC Precious Log:
 CardTable entry size: 512
 Card Set container configuration: InlinePtr #cards 4 size 8 Array Of Cards #cards 16 size 48 Howl #buckets 8 coarsen threshold 3686 Howl Bitmap #cards 512 size 80 coarsen threshold 460 Card regions per heap region 1 cards per card region 4096
 CPUs: 8 total, 8 available
 Memory: 14263M
 Large Page Support: Disabled
 NUMA Support: Disabled
 Compressed Oops: Enabled (Zero based)
 Heap Region Size: 2M
 Heap Min Capacity: 8M
 Heap Initial Capacity: 224M
 Heap Max Capacity: 3566M
 Pre-touch: Disabled
 Parallel Workers: 8
 Concurrent Workers: 2
 Concurrent Refinement Workers: 8
 Periodic GC: Disabled

Heap:
 garbage-first heap   total reserved 3651584K, committed 229376K, used 20480K [0x0000000721200000, 0x0000000800000000)
  region size 2048K, 12 young (24576K), 0 survivors (0K)
 Metaspace       used 4319K, committed 4608K, reserved 1114112K
  class space    used 499K, committed 640K, reserved 1048576K

Heap Regions: E=young(eden), S=young(survivor), O=old, HS=humongous(starts), HC=humongous(continues), CS=collection set, F=free, TAMS=top-at-mark-start, PB=parsable bottom
|   0|0x0000000721200000, 0x0000000721200000, 0x0000000721400000|  0%| F|  |TAMS 0x0000000721200000| PB 0x0000000721200000| Untracked |  0
|   1|0x0000000721400000, 0x0000000721400000, 0x0000000721600000|  0%| F|  |TAMS 0x0000000721400000| PB 0x0000000721400000| Untracked |  0
|   2|0x0000000721600000, 0x0000000721600000, 0x0000000721800000|  0%| F|  |TAMS 0x0000000721600000| PB 0x0000000721600000| Untracked |  0
|   3|0x0000000721800000, 0x0000000721800000, 0x0000000721a00000|  0%| F|  |TAMS 0x0000000721800000| PB 0x0000000721800000| Untracked |  0
|   4|0x0000000721a00000, 0x0000000721a00000, 0x0000000721c00000|  0%| F|  |TAMS 0x0000000721a00000| PB 0x0000000721a00000| Untracked |  0
|   5|0x0000000721c00000, 0x0000000721c00000, 0x0000000721e00000|  0%| F|  |TAMS 0x0000000721c00000| PB 0x0000000721c00000| Untracked |  0
|   6|0x0000000721e00000, 0x0000000721e00000, 0x0000000722000000|  0%| F|  |TAMS 0x0000000721e00000| PB 0x0000000721e00000| Untracked |  0
|   7|0x0000000722000000, 0x0000000722000000, 0x0000000722200000|  0%| F|  |TAMS 0x0000000722000000| PB 0x0000000722000000| Untracked |  0
|   8|0x0000000722200000, 0x0000000722200000, 0x0000000722400000|  0%| F|  |TAMS 0x0000000722200000| PB 0x0000000722200000| Untracked |  0
|   9|0x0000000722400000, 0x0000000722400000, 0x0000000722600000|  0%| F|  |TAMS 0x0000000722400000| PB 0x0000000722400000| Untracked |  0
|  10|0x0000000722600000, 0x0000000722600000, 0x0000000722800000|  0%| F|  |TAMS 0x0000000722600000| PB 0x0000000722600000| Untracked |  0
|  11|0x0000000722800000, 0x0000000722800000, 0x0000000722a00000|  0%| F|  |TAMS 0x0000000722800000| PB 0x0000000722800000| Untracked |  0
|  12|0x0000000722a00000, 0x0000000722a00000, 0x0000000722c00000|  0%| F|  |TAMS 0x0000000722a00000| PB 0x0000000722a00000| Untracked |  0
|  13|0x0000000722c00000, 0x0000000722c00000, 0x0000000722e00000|  0%| F|  |TAMS 0x0000000722c00000| PB 0x0000000722c00000| Untracked |  0
|  14|0x0000000722e00000, 0x0000000722e00000, 0x0000000723000000|  0%| F|  |TAMS 0x0000000722e00000| PB 0x0000000722e00000| Untracked |  0
|  15|0x0000000723000000, 0x0000000723000000, 0x0000000723200000|  0%| F|  |TAMS 0x0000000723000000| PB 0x0000000723000000| Untracked |  0
|  16|0x0000000723200000, 0x0000000723200000, 0x0000000723400000|  0%| F|  |TAMS 0x0000000723200000| PB 0x0000000723200000| Untracked |  0
|  17|0x0000000723400000, 0x0000000723400000, 0x0000000723600000|  0%| F|  |TAMS 0x0000000723400000| PB 0x0000000723400000| Untracked |  0
|  18|0x0000000723600000, 0x0000000723600000, 0x0000000723800000|  0%| F|  |TAMS 0x0000000723600000| PB 0x0000000723600000| Untracked |  0
|  19|0x0000000723800000, 0x0000000723800000, 0x0000000723a00000|  0%| F|  |TAMS 0x0000000723800000| PB 0x0000000723800000| Untracked |  0
|  20|0x0000000723a00000, 0x0000000723a00000, 0x0000000723c00000|  0%| F|  |TAMS 0x0000000723a00000| PB 0x0000000723a00000| Untracked |  0
|  21|0x0000000723c00000, 0x0000000723c00000, 0x0000000723e00000|  0%| F|  |TAMS 0x0000000723c00000| PB 0x0000000723c00000| Untracked |  0
|  22|0x0000000723e00000, 0x0000000723e00000, 0x0000000724000000|  0%| F|  |TAMS 0x0000000723e00000| PB 0x0000000723e00000| Untracked |  0
|  23|0x0000000724000000, 0x0000000724000000, 0x0000000724200000|  0%| F|  |TAMS 0x0000000724000000| PB 0x0000000724000000| Untracked |  0
|  24|0x0000000724200000, 0x0000000724200000, 0x0000000724400000|  0%| F|  |TAMS 0x0000000724200000| PB 0x0000000724200000| Untracked |  0
|  25|0x0000000724400000, 0x0000000724400000, 0x0000000724600000|  0%| F|  |TAMS 0x0000000724400000| PB 0x0000000724400000| Untracked |  0
|  26|0x0000000724600000, 0x0000000724600000, 0x0000000724800000|  0%| F|  |TAMS 0x0000000724600000| PB 0x0000000724600000| Untracked |  0
|  27|0x0000000724800000, 0x0000000724800000, 0x0000000724a00000|  0%| F|  |TAMS 0x0000000724800000| PB 0x0000000724800000| Untracked |  0
|  28|0x0000000724a00000, 0x0000000724a00000, 0x0000000724c00000|  0%| F|  |TAMS 0x0000000724a00000| PB 0x0000000724a00000| Untracked |  0
|  29|0x0000000724c00000, 0x0000000724c00000, 0x0000000724e00000|  0%| F|  |TAMS 0x0000000724c00000| PB 0x0000000724c00000| Untracked |  0
|  30|0x0000000724e00000, 0x0000000724e00000, 0x0000000725000000|  0%| F|  |TAMS 0x0000000724e00000| PB 0x0000000724e00000| Untracked |  0
|  31|0x0000000725000000, 0x0000000725000000, 0x0000000725200000|  0%| F|  |TAMS 0x0000000725000000| PB 0x0000000725000000| Untracked |  0
|  32|0x0000000725200000, 0x0000000725200000, 0x0000000725400000|  0%| F|  |TAMS 0x0000000725200000| PB 0x0000000725200000| Untracked |  0
|  33|0x0000000725400000, 0x0000000725400000, 0x0000000725600000|  0%| F|  |TAMS 0x0000000725400000| PB 0x0000000725400000| Untracked |  0
|  34|0x0000000725600000, 0x0000000725600000, 0x0000000725800000|  0%| F|  |TAMS 0x0000000725600000| PB 0x0000000725600000| Untracked |  0
|  35|0x0000000725800000, 0x0000000725800000, 0x0000000725a00000|  0%| F|  |TAMS 0x0000000725800000| PB 0x0000000725800000| Untracked |  0
|  36|0x0000000725a00000, 0x0000000725a00000, 0x0000000725c00000|  0%| F|  |TAMS 0x0000000725a00000| PB 0x0000000725a00000| Untracked |  0
|  37|0x0000000725c00000, 0x0000000725c00000, 0x0000000725e00000|  0%| F|  |TAMS 0x0000000725c00000| PB 0x0000000725c00000| Untracked |  0
|  38|0x0000000725e00000, 0x0000000725e00000, 0x0000000726000000|  0%| F|  |TAMS 0x0000000725e00000| PB 0x0000000725e00000| Untracked |  0
|  39|0x0000000726000000, 0x0000000726000000, 0x0000000726200000|  0%| F|  |TAMS 0x0000000726000000| PB 0x0000000726000000| Untracked |  0
|  40|0x0000000726200000, 0x0000000726200000, 0x0000000726400000|  0%| F|  |TAMS 0x0000000726200000| PB 0x0000000726200000| Untracked |  0
|  41|0x0000000726400000, 0x0000000726400000, 0x0000000726600000|  0%| F|  |TAMS 0x0000000726400000| PB 0x0000000726400000| Untracked |  0
|  42|0x0000000726600000, 0x0000000726600000, 0x0000000726800000|  0%| F|  |TAMS 0x0000000726600000| PB 0x0000000726600000| Untracked |  0
|  43|0x0000000726800000, 0x0000000726800000, 0x0000000726a00000|  0%| F|  |TAMS 0x0000000726800000| PB 0x0000000726800000| Untracked |  0
|  44|0x0000000726a00000, 0x0000000726a00000, 0x0000000726c00000|  0%| F|  |TAMS 0x0000000726a00000| PB 0x0000000726a00000| Untracked |  0
|  45|0x0000000726c00000, 0x0000000726c00000, 0x0000000726e00000|  0%| F|  |TAMS 0x0000000726c00000| PB 0x0000000726c00000| Untracked |  0
|  46|0x0000000726e00000, 0x0000000726e00000, 0x0000000727000000|  0%| F|  |TAMS 0x0000000726e00000| PB 0x0000000726e00000| Untracked |  0
|  47|0x0000000727000000, 0x0000000727000000, 0x0000000727200000|  0%| F|  |TAMS 0x0000000727000000| PB 0x0000000727000000| Untracked |  0
|  48|0x0000000727200000, 0x0000000727200000, 0x0000000727400000|  0%| F|  |TAMS 0x0000000727200000| PB 0x0000000727200000| Untracked |  0
|  49|0x0000000727400000, 0x0000000727400000, 0x0000000727600000|  0%| F|  |TAMS 0x0000000727400000| PB 0x0000000727400000| Untracked |  0
|  50|0x0000000727600000, 0x0000000727600000, 0x0000000727800000|  0%| F|  |TAMS 0x0000000727600000| PB 0x0000000727600000| Untracked |  0
|  51|0x0000000727800000, 0x0000000727800000, 0x0000000727a00000|  0%| F|  |TAMS 0x0000000727800000| PB 0x0000000727800000| Untracked |  0
|  52|0x0000000727a00000, 0x0000000727a00000, 0x0000000727c00000|  0%| F|  |TAMS 0x0000000727a00000| PB 0x0000000727a00000| Untracked |  0
|  53|0x0000000727c00000, 0x0000000727c00000, 0x0000000727e00000|  0%| F|  |TAMS 0x0000000727c00000| PB 0x0000000727c00000| Untracked |  0
|  54|0x0000000727e00000, 0x0000000727e00000, 0x0000000728000000|  0%| F|  |TAMS 0x0000000727e00000| PB 0x0000000727e00000| Untracked |  0
|  55|0x0000000728000000, 0x0000000728000000, 0x0000000728200000|  0%| F|  |TAMS 0x0000000728000000| PB 0x0000000728000000| Untracked |  0
|  56|0x0000000728200000, 0x0000000728200000, 0x0000000728400000|  0%| F|  |TAMS 0x0000000728200000| PB 0x0000000728200000| Untracked |  0
|  57|0x0000000728400000, 0x0000000728400000, 0x0000000728600000|  0%| F|  |TAMS 0x0000000728400000| PB 0x0000000728400000| Untracked |  0
|  58|0x0000000728600000, 0x0000000728600000, 0x0000000728800000|  0%| F|  |TAMS 0x0000000728600000| PB 0x0000000728600000| Untracked |  0
|  59|0x0000000728800000, 0x0000000728800000, 0x0000000728a00000|  0%| F|  |TAMS 0x0000000728800000| PB 0x0000000728800000| Untracked |  0
|  60|0x0000000728a00000, 0x0000000728a00000, 0x0000000728c00000|  0%| F|  |TAMS 0x0000000728a00000| PB 0x0000000728a00000| Untracked |  0
|  61|0x0000000728c00000, 0x0000000728c00000, 0x0000000728e00000|  0%| F|  |TAMS 0x0000000728c00000| PB 0x0000000728c00000| Untracked |  0
|  62|0x0000000728e00000, 0x0000000728e00000, 0x0000000729000000|  0%| F|  |TAMS 0x0000000728e00000| PB 0x0000000728e00000| Untracked |  0
|  63|0x0000000729000000, 0x0000000729000000, 0x0000000729200000|  0%| F|  |TAMS 0x0000000729000000| PB 0x0000000729000000| Untracked |  0
|  64|0x0000000729200000, 0x0000000729200000, 0x0000000729400000|  0%| F|  |TAMS 0x0000000729200000| PB 0x0000000729200000| Untracked |  0
|  65|0x0000000729400000, 0x0000000729400000, 0x0000000729600000|  0%| F|  |TAMS 0x0000000729400000| PB 0x0000000729400000| Untracked |  0
|  66|0x0000000729600000, 0x0000000729600000, 0x0000000729800000|  0%| F|  |TAMS 0x0000000729600000| PB 0x0000000729600000| Untracked |  0
|  67|0x0000000729800000, 0x0000000729800000, 0x0000000729a00000|  0%| F|  |TAMS 0x0000000729800000| PB 0x0000000729800000| Untracked |  0
|  68|0x0000000729a00000, 0x0000000729a00000, 0x0000000729c00000|  0%| F|  |TAMS 0x0000000729a00000| PB 0x0000000729a00000| Untracked |  0
|  69|0x0000000729c00000, 0x0000000729c00000, 0x0000000729e00000|  0%| F|  |TAMS 0x0000000729c00000| PB 0x0000000729c00000| Untracked |  0
|  70|0x0000000729e00000, 0x0000000729e00000, 0x000000072a000000|  0%| F|  |TAMS 0x0000000729e00000| PB 0x0000000729e00000| Untracked |  0
|  71|0x000000072a000000, 0x000000072a000000, 0x000000072a200000|  0%| F|  |TAMS 0x000000072a000000| PB 0x000000072a000000| Untracked |  0
|  72|0x000000072a200000, 0x000000072a200000, 0x000000072a400000|  0%| F|  |TAMS 0x000000072a200000| PB 0x000000072a200000| Untracked |  0
|  73|0x000000072a400000, 0x000000072a400000, 0x000000072a600000|  0%| F|  |TAMS 0x000000072a400000| PB 0x000000072a400000| Untracked |  0
|  74|0x000000072a600000, 0x000000072a600000, 0x000000072a800000|  0%| F|  |TAMS 0x000000072a600000| PB 0x000000072a600000| Untracked |  0
|  75|0x000000072a800000, 0x000000072a800000, 0x000000072aa00000|  0%| F|  |TAMS 0x000000072a800000| PB 0x000000072a800000| Untracked |  0
|  76|0x000000072aa00000, 0x000000072aa00000, 0x000000072ac00000|  0%| F|  |TAMS 0x000000072aa00000| PB 0x000000072aa00000| Untracked |  0
|  77|0x000000072ac00000, 0x000000072ac00000, 0x000000072ae00000|  0%| F|  |TAMS 0x000000072ac00000| PB 0x000000072ac00000| Untracked |  0
|  78|0x000000072ae00000, 0x000000072ae00000, 0x000000072b000000|  0%| F|  |TAMS 0x000000072ae00000| PB 0x000000072ae00000| Untracked |  0
|  79|0x000000072b000000, 0x000000072b000000, 0x000000072b200000|  0%| F|  |TAMS 0x000000072b000000| PB 0x000000072b000000| Untracked |  0
|  80|0x000000072b200000, 0x000000072b200000, 0x000000072b400000|  0%| F|  |TAMS 0x000000072b200000| PB 0x000000072b200000| Untracked |  0
|  81|0x000000072b400000, 0x000000072b400000, 0x000000072b600000|  0%| F|  |TAMS 0x000000072b400000| PB 0x000000072b400000| Untracked |  0
|  82|0x000000072b600000, 0x000000072b600000, 0x000000072b800000|  0%| F|  |TAMS 0x000000072b600000| PB 0x000000072b600000| Untracked |  0
|  83|0x000000072b800000, 0x000000072b800000, 0x000000072ba00000|  0%| F|  |TAMS 0x000000072b800000| PB 0x000000072b800000| Untracked |  0
|  84|0x000000072ba00000, 0x000000072ba00000, 0x000000072bc00000|  0%| F|  |TAMS 0x000000072ba00000| PB 0x000000072ba00000| Untracked |  0
|  85|0x000000072bc00000, 0x000000072bc00000, 0x000000072be00000|  0%| F|  |TAMS 0x000000072bc00000| PB 0x000000072bc00000| Untracked |  0
|  86|0x000000072be00000, 0x000000072be00000, 0x000000072c000000|  0%| F|  |TAMS 0x000000072be00000| PB 0x000000072be00000| Untracked |  0
|  87|0x000000072c000000, 0x000000072c000000, 0x000000072c200000|  0%| F|  |TAMS 0x000000072c000000| PB 0x000000072c000000| Untracked |  0
|  88|0x000000072c200000, 0x000000072c200000, 0x000000072c400000|  0%| F|  |TAMS 0x000000072c200000| PB 0x000000072c200000| Untracked |  0
|  89|0x000000072c400000, 0x000000072c400000, 0x000000072c600000|  0%| F|  |TAMS 0x000000072c400000| PB 0x000000072c400000| Untracked |  0
|  90|0x000000072c600000, 0x000000072c600000, 0x000000072c800000|  0%| F|  |TAMS 0x000000072c600000| PB 0x000000072c600000| Untracked |  0
|  91|0x000000072c800000, 0x000000072c800000, 0x000000072ca00000|  0%| F|  |TAMS 0x000000072c800000| PB 0x000000072c800000| Untracked |  0
|  92|0x000000072ca00000, 0x000000072ca00000, 0x000000072cc00000|  0%| F|  |TAMS 0x000000072ca00000| PB 0x000000072ca00000| Untracked |  0
|  93|0x000000072cc00000, 0x000000072cc00000, 0x000000072ce00000|  0%| F|  |TAMS 0x000000072cc00000| PB 0x000000072cc00000| Untracked |  0
|  94|0x000000072ce00000, 0x000000072ce00000, 0x000000072d000000|  0%| F|  |TAMS 0x000000072ce00000| PB 0x000000072ce00000| Untracked |  0
|  95|0x000000072d000000, 0x000000072d000000, 0x000000072d200000|  0%| F|  |TAMS 0x000000072d000000| PB 0x000000072d000000| Untracked |  0
|  96|0x000000072d200000, 0x000000072d200000, 0x000000072d400000|  0%| F|  |TAMS 0x000000072d200000| PB 0x000000072d200000| Untracked |  0
|  97|0x000000072d400000, 0x000000072d400000, 0x000000072d600000|  0%| F|  |TAMS 0x000000072d400000| PB 0x000000072d400000| Untracked |  0
|  98|0x000000072d600000, 0x000000072d600000, 0x000000072d800000|  0%| F|  |TAMS 0x000000072d600000| PB 0x000000072d600000| Untracked |  0
|  99|0x000000072d800000, 0x000000072d800000, 0x000000072da00000|  0%| F|  |TAMS 0x000000072d800000| PB 0x000000072d800000| Untracked |  0
| 100|0x000000072da00000, 0x000000072daf71d0, 0x000000072dc00000| 48%| E|  |TAMS 0x000000072da00000| PB 0x000000072da00000| Complete |  0
| 101|0x000000072dc00000, 0x000000072de00000, 0x000000072de00000|100%| E|CS|TAMS 0x000000072dc00000| PB 0x000000072dc00000| Complete |  0
| 102|0x000000072de00000, 0x000000072e000000, 0x000000072e000000|100%| E|CS|TAMS 0x000000072de00000| PB 0x000000072de00000| Complete |  0
| 103|0x000000072e000000, 0x000000072e200000, 0x000000072e200000|100%| E|CS|TAMS 0x000000072e000000| PB 0x000000072e000000| Complete |  0
| 104|0x000000072e200000, 0x000000072e400000, 0x000000072e400000|100%| E|CS|TAMS 0x000000072e200000| PB 0x000000072e200000| Complete |  0
| 105|0x000000072e400000, 0x000000072e600000, 0x000000072e600000|100%| E|CS|TAMS 0x000000072e400000| PB 0x000000072e400000| Complete |  0
| 106|0x000000072e600000, 0x000000072e800000, 0x000000072e800000|100%| E|CS|TAMS 0x000000072e600000| PB 0x000000072e600000| Complete |  0
| 107|0x000000072e800000, 0x000000072ea00000, 0x000000072ea00000|100%| E|CS|TAMS 0x000000072e800000| PB 0x000000072e800000| Complete |  0
| 108|0x000000072ea00000, 0x000000072ec00000, 0x000000072ec00000|100%| E|CS|TAMS 0x000000072ea00000| PB 0x000000072ea00000| Complete |  0
| 109|0x000000072ec00000, 0x000000072ee00000, 0x000000072ee00000|100%| E|  |TAMS 0x000000072ec00000| PB 0x000000072ec00000| Complete |  0
| 110|0x000000072ee00000, 0x000000072f000000, 0x000000072f000000|100%| E|CS|TAMS 0x000000072ee00000| PB 0x000000072ee00000| Complete |  0
| 111|0x000000072f000000, 0x000000072f200000, 0x000000072f200000|100%| E|CS|TAMS 0x000000072f000000| PB 0x000000072f000000| Complete |  0

Card table byte_map: [0x00000198c4f90000,0x00000198c5690000] _byte_map_base: 0x00000198c1687000

Marking Bits: (CMBitMap*) 0x00000198ad28eb30
 Bits: [0x00000198c5690000, 0x00000198c8e48000)

Polling page: 0x00000198ac9e0000

Metaspace:

Usage:
  Non-class:      3.73 MB used.
      Class:    499.23 KB used.
       Both:      4.22 MB used.

Virtual space:
  Non-class space:       64.00 MB reserved,       3.88 MB (  6%) committed,  1 nodes.
      Class space:        1.00 GB reserved,     640.00 KB ( <1%) committed,  1 nodes.
             Both:        1.06 GB reserved,       4.50 MB ( <1%) committed. 

Chunk freelists:
   Non-Class:  10.19 MB
       Class:  15.44 MB
        Both:  25.62 MB

MaxMetaspaceSize: unlimited
CompressedClassSpaceSize: 1.00 GB
Initial GC threshold: 21.00 MB
Current GC threshold: 21.00 MB
CDS: on
 - commit_granule_bytes: 65536.
 - commit_granule_words: 8192.
 - virtual_space_node_default_size: 8388608.
 - enlarge_chunks_in_place: 1.
 - use_allocation_guard: 0.


Internal statistics:

num_allocs_failed_limit: 0.
num_arena_births: 116.
num_arena_deaths: 0.
num_vsnodes_births: 2.
num_vsnodes_deaths: 0.
num_space_committed: 72.
num_space_uncommitted: 0.
num_chunks_returned_to_freelist: 0.
num_chunks_taken_from_freelist: 248.
num_chunk_merges: 0.
num_chunk_splits: 148.
num_chunks_enlarged: 76.
num_inconsistent_stats: 0.

CodeHeap 'non-profiled nmethods': size=120000Kb used=360Kb max_used=360Kb free=119639Kb
 bounds [0x00000198bd030000, 0x00000198bd2a0000, 0x00000198c4560000]
CodeHeap 'profiled nmethods': size=120000Kb used=1500Kb max_used=1500Kb free=118499Kb
 bounds [0x00000198b5560000, 0x00000198b57d0000, 0x00000198bca90000]
CodeHeap 'non-nmethods': size=5760Kb used=1363Kb max_used=1377Kb free=4396Kb
 bounds [0x00000198bca90000, 0x00000198bcd00000, 0x00000198bd030000]
 total_blobs=1405 nmethods=940 adapters=370
 compilation: enabled
              stopped_count=0, restarted_count=0
 full_count=0

Compilation events (20 events):
Event: 0.788 Thread 0x00000198cb8a8dd0 nmethod 918 0x00000198b56d0010 code [0x00000198b56d0540, 0x00000198b56d3360]
Event: 0.788 Thread 0x00000198cb8a8dd0  919       3       java.lang.String::<init> (10 bytes)
Event: 0.789 Thread 0x00000198cb8a8dd0 nmethod 919 0x00000198b56d4490 code [0x00000198b56d4640, 0x00000198b56d4790]
Event: 0.789 Thread 0x00000198cb8a8dd0  920       3       java.lang.invoke.MemberName::getInvocationType (56 bytes)
Event: 0.789 Thread 0x00000198cb8a8dd0 nmethod 920 0x00000198b56d4890 code [0x00000198b56d4ac0, 0x00000198b56d5318]
Event: 0.789 Thread 0x00000198cb8a8dd0  923       3       java.lang.invoke.LambdaForm::prepare (108 bytes)
Event: 0.790 Thread 0x00000198cb8a8dd0 nmethod 923 0x00000198b56d5590 code [0x00000198b56d57e0, 0x00000198b56d5fa8]
Event: 0.791 Thread 0x00000198cb8a8dd0  924       3       java.lang.invoke.MethodHandleNatives::refKindIsField (32 bytes)
Event: 0.791 Thread 0x00000198cb8a8dd0 nmethod 924 0x00000198b56d6290 code [0x00000198b56d6420, 0x00000198b56d6570]
Event: 0.791 Thread 0x00000198cb8a8dd0  925       3       jdk.internal.org.objectweb.asm.ByteVector::enlarge (73 bytes)
Event: 0.791 Thread 0x00000198cb8a8dd0 nmethod 925 0x00000198b56d6610 code [0x00000198b56d67e0, 0x00000198b56d6bb0]
Event: 0.791 Thread 0x00000198cb8a8dd0  926       1       java.lang.invoke.MethodType::rtype (5 bytes)
Event: 0.791 Thread 0x00000198cb8a8dd0 nmethod 926 0x00000198bd086090 code [0x00000198bd086220, 0x00000198bd0862f0]
Event: 0.792 Thread 0x00000198cb8a8dd0  928       3       sun.net.www.protocol.file.Handler::parseURL (18 bytes)
Event: 0.793 Thread 0x00000198cb8a8dd0 nmethod 928 0x00000198b56d6d10 code [0x00000198b56d6ec0, 0x00000198b56d7080]
Event: 0.793 Thread 0x00000198cb8a8dd0  929       3       java.net.URLStreamHandler::parseURL (1124 bytes)
Event: 0.803 Thread 0x00000198cb8a8320  936       4       java.lang.AbstractStringBuilder::<init> (39 bytes)
Event: 0.805 Thread 0x00000198cbc5def0  937       4       java.lang.String::<init> (98 bytes)
Event: 0.806 Thread 0x00000198cb8a8320 nmethod 936 0x00000198bd086990 code [0x00000198bd086b20, 0x00000198bd086d80]
Event: 0.809 Thread 0x00000198cbc5def0 nmethod 937 0x00000198bd086e10 code [0x00000198bd086fc0, 0x00000198bd087570]

GC Heap History (0 events):
No events

Dll operation events (9 events):
Event: 0.051 Loaded shared library C:\Users\Usuario\.jdks\openjdk-22.0.2\bin\java.dll
Event: 0.076 Loaded shared library C:\Users\Usuario\.jdks\openjdk-22.0.2\bin\jsvml.dll
Event: 0.267 Loaded shared library C:\Users\Usuario\.jdks\openjdk-22.0.2\bin\zip.dll
Event: 0.272 Loaded shared library C:\Users\Usuario\.jdks\openjdk-22.0.2\bin\instrument.dll
Event: 0.278 Loaded shared library C:\Users\Usuario\.jdks\openjdk-22.0.2\bin\net.dll
Event: 0.281 Loaded shared library C:\Users\Usuario\.jdks\openjdk-22.0.2\bin\nio.dll
Event: 0.284 Loaded shared library C:\Users\Usuario\.jdks\openjdk-22.0.2\bin\zip.dll
Event: 0.483 Loaded shared library C:\Users\Usuario\.jdks\openjdk-22.0.2\bin\extnet.dll
Event: 0.575 Loaded shared library C:\Users\Usuario\.jdks\openjdk-22.0.2\bin\jimage.dll

Deoptimization events (20 events):
Event: 0.466 Thread 0x00000198ad231170 Uncommon trap: trap_request=0xffffff45 fr.pc=0x00000198bd04463c relative=0x000000000000017c
Event: 0.466 Thread 0x00000198ad231170 Uncommon trap: reason=unstable_if action=reinterpret pc=0x00000198bd04463c method=java.util.zip.ZipFile$Source.isMetaName([BII)Z @ 57 c2
Event: 0.466 Thread 0x00000198ad231170 DEOPT PACKING pc=0x00000198bd04463c sp=0x000000378e9fde90
Event: 0.466 Thread 0x00000198ad231170 DEOPT UNPACKING pc=0x00000198bcae46a2 sp=0x000000378e9fde20 mode 2
Event: 0.474 Thread 0x00000198ad231170 Uncommon trap: trap_request=0xffffff45 fr.pc=0x00000198bd031664 relative=0x00000000000000c4
Event: 0.474 Thread 0x00000198ad231170 Uncommon trap: reason=unstable_if action=reinterpret pc=0x00000198bd031664 method=java.lang.String.isLatin1()Z @ 10 c2
Event: 0.474 Thread 0x00000198ad231170 DEOPT PACKING pc=0x00000198bd031664 sp=0x000000378e9fec70
Event: 0.474 Thread 0x00000198ad231170 DEOPT UNPACKING pc=0x00000198bcae46a2 sp=0x000000378e9febb0 mode 2
Event: 0.559 Thread 0x00000198ad231170 DEOPT PACKING pc=0x00000198b55acada sp=0x000000378e9fc7f0
Event: 0.559 Thread 0x00000198ad231170 DEOPT UNPACKING pc=0x00000198bcae4e42 sp=0x000000378e9fbc80 mode 0
Event: 0.571 Thread 0x00000198ad231170 DEOPT PACKING pc=0x00000198b556fdaf sp=0x000000378e9fc930
Event: 0.571 Thread 0x00000198ad231170 DEOPT UNPACKING pc=0x00000198bcae4e42 sp=0x000000378e9fbdc8 mode 0
Event: 0.638 Thread 0x00000198ad231170 DEOPT PACKING pc=0x00000198b5572525 sp=0x000000378e9f9230
Event: 0.639 Thread 0x00000198ad231170 DEOPT UNPACKING pc=0x00000198bcae4e42 sp=0x000000378e9f8680 mode 0
Event: 0.782 Thread 0x00000198ad231170 DEOPT PACKING pc=0x00000198b55702c3 sp=0x000000378e9fdc60
Event: 0.782 Thread 0x00000198ad231170 DEOPT UNPACKING pc=0x00000198bcae4e42 sp=0x000000378e9fd0d8 mode 0
Event: 0.806 Thread 0x00000198ad231170 Uncommon trap: trap_request=0xffffff45 fr.pc=0x00000198bd07ce74 relative=0x00000000000002b4
Event: 0.806 Thread 0x00000198ad231170 Uncommon trap: reason=unstable_if action=reinterpret pc=0x00000198bd07ce74 method=jdk.internal.util.ArraysSupport.mismatch([BI[BII)I @ 55 c2
Event: 0.806 Thread 0x00000198ad231170 DEOPT PACKING pc=0x00000198bd07ce74 sp=0x000000378e9fe510
Event: 0.806 Thread 0x00000198ad231170 DEOPT UNPACKING pc=0x00000198bcae46a2 sp=0x000000378e9fe408 mode 2

Classes loaded (20 events):
Event: 0.763 Loading class java/util/stream/ReferencePipeline$StatefulOp done
Event: 0.763 Loading class java/util/stream/DistinctOps$1 done
Event: 0.763 Loading class java/util/ImmutableCollections$Access
Event: 0.763 Loading class java/util/ImmutableCollections$Access done
Event: 0.763 Loading class java/util/ImmutableCollections$Access$1
Event: 0.763 Loading class jdk/internal/access/JavaUtilCollectionAccess
Event: 0.763 Loading class jdk/internal/access/JavaUtilCollectionAccess done
Event: 0.763 Loading class java/util/ImmutableCollections$Access$1 done
Event: 0.764 Loading class java/util/stream/Nodes$SpinedNodeBuilder
Event: 0.764 Loading class java/util/stream/SpinedBuffer
Event: 0.764 Loading class java/util/stream/AbstractSpinedBuffer
Event: 0.765 Loading class java/util/stream/AbstractSpinedBuffer done
Event: 0.765 Loading class java/util/stream/SpinedBuffer done
Event: 0.765 Loading class java/util/stream/Nodes$SpinedNodeBuilder done
Event: 0.765 Loading class java/util/stream/DistinctOps$1$2
Event: 0.765 Loading class java/util/stream/DistinctOps$1$2 done
Event: 0.776 Loading class java/lang/reflect/UndeclaredThrowableException
Event: 0.776 Loading class java/lang/reflect/UndeclaredThrowableException done
Event: 0.798 Loading class java/util/ComparableTimSort
Event: 0.798 Loading class java/util/ComparableTimSort done

Classes unloaded (0 events):
No events

Classes redefined (0 events):
No events

Internal exceptions (8 events):
Event: 0.468 Thread 0x00000198ad231170 Exception <a 'java/lang/NoSuchMethodError'{0x000000072e437330}: 'void java.lang.invoke.DirectMethodHandle$Holder.invokeStatic(java.lang.Object, java.lang.Object, java.lang.Object)'> (0x000000072e437330) 
thrown [s\open\src\hotspot\share\interpreter\linkResolver.cpp, line 774]
Event: 0.472 Thread 0x00000198ad231170 Exception <a 'java/lang/NoSuchMethodError'{0x000000072e44edc8}: 'java.lang.Object java.lang.invoke.Invokers$Holder.invokeExact_MT(java.lang.Object, java.lang.Object, java.lang.Object, java.lang.Object, java.lang.Object)'> (0x000000072e44edc8) 
thrown [s\open\src\hotspot\share\interpreter\linkResolver.cpp, line 774]
Event: 0.485 Thread 0x00000198cbd53270 Exception <a 'java/lang/NoSuchMethodError'{0x000000072e483a38}: 'void java.lang.invoke.DirectMethodHandle$Holder.invokeStatic(java.lang.Object, java.lang.Object)'> (0x000000072e483a38) 
thrown [s\open\src\hotspot\share\interpreter\linkResolver.cpp, line 774]
Event: 0.619 Thread 0x00000198ad231170 Exception <a 'java/lang/NoSuchMethodError'{0x000000072e3315c0}: 'java.lang.Object java.lang.invoke.DirectMethodHandle$Holder.invokeSpecial(java.lang.Object, java.lang.Object, java.lang.Object, long, java.lang.Object)'> (0x000000072e3315c0) 
thrown [s\open\src\hotspot\share\interpreter\linkResolver.cpp, line 774]
Event: 0.620 Thread 0x00000198ad231170 Exception <a 'java/lang/NoSuchMethodError'{0x000000072e334f20}: 'java.lang.Object java.lang.invoke.Invokers$Holder.linkToTargetMethod(java.lang.Object, long, java.lang.Object, java.lang.Object)'> (0x000000072e334f20) 
thrown [s\open\src\hotspot\share\interpreter\linkResolver.cpp, line 774]
Event: 0.740 Thread 0x00000198ad231170 Exception <a 'java/lang/NoSuchMethodError'{0x000000072e1ca4c0}: 'void java.lang.invoke.DirectMethodHandle$Holder.invokeStatic(java.lang.Object, java.lang.Object, java.lang.Object, java.lang.Object)'> (0x000000072e1ca4c0) 
thrown [s\open\src\hotspot\share\interpreter\linkResolver.cpp, line 774]
Event: 0.776 Thread 0x00000198ad231170 Exception <a 'java/lang/NoSuchMethodError'{0x000000072def0628}: 'int java.lang.invoke.DirectMethodHandle$Holder.invokeStaticInit(java.lang.Object, java.lang.Object)'> (0x000000072def0628) 
thrown [s\open\src\hotspot\share\interpreter\linkResolver.cpp, line 774]
Event: 0.789 Thread 0x00000198ad231170 Exception <a 'java/lang/NoSuchMethodError'{0x000000072df2b790}: 'void java.lang.invoke.DirectMethodHandle$Holder.invokeInterface(java.lang.Object, java.lang.Object, java.lang.Object, java.lang.Object)'> (0x000000072df2b790) 
thrown [s\open\src\hotspot\share\interpreter\linkResolver.cpp, line 774]

ZGC Phase Switch (0 events):
No events

VM Operations (10 events):
Event: 0.255 Executing VM operation: HandshakeAllThreads (Deoptimize)
Event: 0.255 Executing VM operation: HandshakeAllThreads (Deoptimize) done
Event: 0.476 Executing VM operation: HandshakeAllThreads (Deoptimize)
Event: 0.476 Executing VM operation: HandshakeAllThreads (Deoptimize) done
Event: 0.548 Executing VM operation: HandshakeAllThreads (Deoptimize)
Event: 0.548 Executing VM operation: HandshakeAllThreads (Deoptimize) done
Event: 0.572 Executing VM operation: HandshakeAllThreads (Deoptimize)
Event: 0.572 Executing VM operation: HandshakeAllThreads (Deoptimize) done
Event: 0.578 Executing VM operation: HandshakeAllThreads (Deoptimize)
Event: 0.578 Executing VM operation: HandshakeAllThreads (Deoptimize) done

Memory protections (0 events):
No events

Nmethod flushes (0 events):
No events

Events (13 events):
Event: 0.063 Thread 0x00000198ad231170 Thread added: 0x00000198ad231170
Event: 0.074 Thread 0x00000198ad231170 Thread added: 0x00000198cb899840
Event: 0.074 Thread 0x00000198ad231170 Thread added: 0x00000198cb89a910
Event: 0.074 Thread 0x00000198ad231170 Thread added: 0x00000198cb89d340
Event: 0.074 Thread 0x00000198ad231170 Thread added: 0x00000198cb89fdb0
Event: 0.075 Thread 0x00000198ad231170 Thread added: 0x00000198cb8a29d0
Event: 0.075 Thread 0x00000198ad231170 Thread added: 0x00000198cb8a4440
Event: 0.075 Thread 0x00000198ad231170 Thread added: 0x00000198cb8a8320
Event: 0.075 Thread 0x00000198ad231170 Thread added: 0x00000198cb8a8dd0
Event: 0.248 Thread 0x00000198ad231170 Thread added: 0x00000198cbc16d80
Event: 0.264 Thread 0x00000198cb8a8dd0 Thread added: 0x00000198cbc5def0
Event: 0.474 Thread 0x00000198ad231170 Thread added: 0x00000198cbd53270
Event: 0.474 Thread 0x00000198ad231170 Thread added: 0x00000198cbd53900


Dynamic libraries:
0x00007ff7ebe40000 - 0x00007ff7ebe4e000 	C:\Users\Usuario\.jdks\openjdk-22.0.2\bin\java.exe
0x00007ffb930f0000 - 0x00007ffb932e8000 	C:\WINDOWS\SYSTEM32\ntdll.dll
0x00007ffb916d0000 - 0x00007ffb91792000 	C:\WINDOWS\System32\KERNEL32.DLL
0x00007ffb90b80000 - 0x00007ffb90e76000 	C:\WINDOWS\System32\KERNELBASE.dll
0x00007ffb90a80000 - 0x00007ffb90b80000 	C:\WINDOWS\System32\ucrtbase.dll
0x00007ffb7e2e0000 - 0x00007ffb7e2fb000 	C:\Users\Usuario\.jdks\openjdk-22.0.2\bin\VCRUNTIME140.dll
0x00007ffb7d4b0000 - 0x00007ffb7d4c7000 	C:\Users\Usuario\.jdks\openjdk-22.0.2\bin\jli.dll
0x00007ffb919d0000 - 0x00007ffb91b71000 	C:\WINDOWS\System32\USER32.dll
0x00007ffb90e80000 - 0x00007ffb90ea2000 	C:\WINDOWS\System32\win32u.dll
0x00007ffb7d120000 - 0x00007ffb7d3bb000 	C:\WINDOWS\WinSxS\amd64_microsoft.windows.common-controls_6595b64144ccf1df_6.0.19041.6456_none_60b8a6cb71f64256\COMCTL32.dll
0x00007ffb92280000 - 0x00007ffb922ab000 	C:\WINDOWS\System32\GDI32.dll
0x00007ffb92a90000 - 0x00007ffb92b2e000 	C:\WINDOWS\System32\msvcrt.dll
0x00007ffb90ff0000 - 0x00007ffb91109000 	C:\WINDOWS\System32\gdi32full.dll
0x00007ffb90960000 - 0x00007ffb909fd000 	C:\WINDOWS\System32\msvcp_win.dll
0x00007ffb92b30000 - 0x00007ffb92b5f000 	C:\WINDOWS\System32\IMM32.DLL
0x00007ffb8cee0000 - 0x00007ffb8ceec000 	C:\Users\Usuario\.jdks\openjdk-22.0.2\bin\vcruntime140_1.dll
0x00007ffb44ea0000 - 0x00007ffb44f2e000 	C:\Users\Usuario\.jdks\openjdk-22.0.2\bin\msvcp140.dll
0x00007ffb07e30000 - 0x00007ffb08b79000 	C:\Users\Usuario\.jdks\openjdk-22.0.2\bin\server\jvm.dll
0x00007ffb92b60000 - 0x00007ffb92c11000 	C:\WINDOWS\System32\ADVAPI32.dll
0x00007ffb912c0000 - 0x00007ffb9135f000 	C:\WINDOWS\System32\sechost.dll
0x00007ffb91360000 - 0x00007ffb91480000 	C:\WINDOWS\System32\RPCRT4.dll
0x00007ffb90a00000 - 0x00007ffb90a27000 	C:\WINDOWS\System32\bcrypt.dll
0x00007ffb91b80000 - 0x00007ffb91beb000 	C:\WINDOWS\System32\WS2_32.dll
0x00007ffb8fd10000 - 0x00007ffb8fd5b000 	C:\WINDOWS\SYSTEM32\POWRPROF.dll
0x00007ffb859f0000 - 0x00007ffb85a17000 	C:\WINDOWS\SYSTEM32\WINMM.dll
0x00007ffb88400000 - 0x00007ffb8840a000 	C:\WINDOWS\SYSTEM32\VERSION.dll
0x00007ffb8fb80000 - 0x00007ffb8fb92000 	C:\WINDOWS\SYSTEM32\UMPDC.dll
0x00007ffb8e7f0000 - 0x00007ffb8e802000 	C:\WINDOWS\SYSTEM32\kernel.appcore.dll
0x00007ffb7cd40000 - 0x00007ffb7cd4a000 	C:\Users\Usuario\.jdks\openjdk-22.0.2\bin\jimage.dll
0x00007ffb8e5c0000 - 0x00007ffb8e7c1000 	C:\WINDOWS\SYSTEM32\DBGHELP.DLL
0x00007ffb7ffc0000 - 0x00007ffb7fff4000 	C:\WINDOWS\SYSTEM32\dbgcore.DLL
0x00007ffb90f60000 - 0x00007ffb90fe2000 	C:\WINDOWS\System32\bcryptPrimitives.dll
0x00007ffb677c0000 - 0x00007ffb677cf000 	C:\Users\Usuario\.jdks\openjdk-22.0.2\bin\instrument.dll
0x00007ffb600b0000 - 0x00007ffb600ce000 	C:\Users\Usuario\.jdks\openjdk-22.0.2\bin\java.dll
0x00007ffb92320000 - 0x00007ffb92a90000 	C:\WINDOWS\System32\SHELL32.dll
0x00007ffb92c20000 - 0x00007ffb92d4b000 	C:\WINDOWS\System32\ole32.dll
0x00007ffb92d50000 - 0x00007ffb930a4000 	C:\WINDOWS\System32\combase.dll
0x00007ffb8e810000 - 0x00007ffb8efb5000 	C:\WINDOWS\SYSTEM32\windows.storage.dll
0x00007ffb901b0000 - 0x00007ffb901db000 	C:\WINDOWS\SYSTEM32\Wldp.dll
0x00007ffb91110000 - 0x00007ffb911dd000 	C:\WINDOWS\System32\OLEAUT32.dll
0x00007ffb91c50000 - 0x00007ffb91cfd000 	C:\WINDOWS\System32\SHCORE.dll
0x00007ffb91bf0000 - 0x00007ffb91c4b000 	C:\WINDOWS\System32\shlwapi.dll
0x00007ffb906b0000 - 0x00007ffb906d4000 	C:\WINDOWS\SYSTEM32\profapi.dll
0x00007ffb44dc0000 - 0x00007ffb44e97000 	C:\Users\Usuario\.jdks\openjdk-22.0.2\bin\jsvml.dll
0x00007ffb5d360000 - 0x00007ffb5d377000 	C:\Users\Usuario\.jdks\openjdk-22.0.2\bin\zip.dll
0x00007ffb78b70000 - 0x00007ffb78b80000 	C:\Users\Usuario\.jdks\openjdk-22.0.2\bin\net.dll
0x00007ffb8ff10000 - 0x00007ffb8ff7a000 	C:\WINDOWS\system32\mswsock.dll
0x00007ffb5f9f0000 - 0x00007ffb5fa06000 	C:\Users\Usuario\.jdks\openjdk-22.0.2\bin\nio.dll
0x00007ffb6c600000 - 0x00007ffb6c609000 	C:\Users\Usuario\.jdks\openjdk-22.0.2\bin\extnet.dll
0x00007ffb68ab0000 - 0x00007ffb68aba000 	C:\Users\Usuario\.jdks\openjdk-22.0.2\bin\management.dll
0x00007ffb688d0000 - 0x00007ffb688db000 	C:\Users\Usuario\.jdks\openjdk-22.0.2\bin\management_ext.dll
0x00007ffb91600000 - 0x00007ffb91608000 	C:\WINDOWS\System32\PSAPI.DLL

dbghelp: loaded successfully - version: 4.0.5 - missing functions: none
symbol engine: initialized successfully - sym options: 0x614 - pdb path: .;C:\Users\Usuario\.jdks\openjdk-22.0.2\bin;C:\WINDOWS\SYSTEM32;C:\WINDOWS\WinSxS\amd64_microsoft.windows.common-controls_6595b64144ccf1df_6.0.19041.6456_none_60b8a6cb71f64256;C:\Users\Usuario\.jdks\openjdk-22.0.2\bin\server

VM Arguments:
jvm_args: --enable-preview -javaagent:D:\Javaa\IntelliJ IDEA Community Edition 2024.2.0.1\lib\idea_rt.jar=58723 -Dfile.encoding=UTF-8 -Dsun.stdout.encoding=UTF-8 -Dsun.stderr.encoding=UTF-8 
java_command: concesionaria.example.Concesionaria.ConcesionariaApplication
java_class_path (initial): D:\Facultad\Plan Nuevo 2024\Tesis\PrograIV-TPFinal-Back\target\classes;C:\Users\Usuario\.m2\repository\org\springframework\boot\spring-boot-starter-data-jpa\3.5.7\spring-boot-starter-data-jpa-3.5.7.jar;C:\Users\Usuario\.m2\repository\org\springframework\boot\spring-boot-starter\3.5.7\spring-boot-starter-3.5.7.jar;C:\Users\Usuario\.m2\repository\org\springframework\boot\spring-boot-starter-logging\3.5.7\spring-boot-starter-logging-3.5.7.jar;C:\Users\Usuario\.m2\repository\ch\qos\logback\logback-classic\1.5.20\logback-classic-1.5.20.jar;C:\Users\Usuario\.m2\repository\ch\qos\logback\logback-core\1.5.20\logback-core-1.5.20.jar;C:\Users\Usuario\.m2\repository\org\apache\logging\log4j\log4j-to-slf4j\2.24.3\log4j-to-slf4j-2.24.3.jar;C:\Users\Usuario\.m2\repository\org\apache\logging\log4j\log4j-api\2.24.3\log4j-api-2.24.3.jar;C:\Users\Usuario\.m2\repository\org\slf4j\jul-to-slf4j\2.0.17\jul-to-slf4j-2.0.17.jar;C:\Users\Usuario\.m2\repository\jakarta\annotation\jakarta.annotation-api\2.1.1\jakarta.annotation-api-2.1.1.jar;C:\Users\Usuario\.m2\repository\org\yaml\snakeyaml\2.4\snakeyaml-2.4.jar;C:\Users\Usuario\.m2\repository\org\springframework\boot\spring-boot-starter-jdbc\3.5.7\spring-boot-starter-jdbc-3.5.7.jar;C:\Users\Usuario\.m2\repository\com\zaxxer\HikariCP\6.3.3\HikariCP-6.3.3.jar;C:\Users\Usuario\.m2\repository\org\springframework\spring-jdbc\6.2.12\spring-jdbc-6.2.12.jar;C:\Users\Usuario\.m2\repository\org\hibernate\orm\hibernate-core\6.6.33.Final\hibernate-core-6.6.33.Final.jar;C:\Users\Usuario\.m2\repository\jakarta\persistence\jakarta.persistence-api\3.1.0\jakarta.persistence-api-3.1.0.jar;C:\Users\Usuario\.m2\repository\jakarta\transaction\jakarta.transaction-api\2.0.1\jakarta.transaction-api-2.0.1.jar;C:\Users\Usuario\.m2\repository\org\jboss\logging\jboss-logging\3.6.1.Final\jboss-logging-3.6.1.Final.jar;C:\Users\Usuario\.m2\repository\org\hibernate\common\hibernate-commons-annotations\7.0.3.Final\hibernate-commons-annotations-7.0.3.Final.jar;C:\Users\Usuario\.m2\repository\io\smallrye\jandex\3.2.0\jandex-3.2.0.jar;C:\Users\Usuario\.m2\repository\com\fasterxml\classmate\1.7.1\classmate-1.7.1.jar;C:\Users\Usuario\.m2\repository\net\bytebuddy\byte-buddy\1.17.8\byte-buddy-1.17.8.jar;C:\Users\Usuario\.m2\repository\org\glassfish\jaxb\jaxb-runtime\4.0.6\jaxb-runtime-4.0.6.jar;C:\Users\Usuario\.m2\repository\org\glassfish\jaxb\jaxb-core\4.0.6\jaxb-core-4.0.6.jar;C:\Users\Usuario\.m2\repository\org\glassfish\jaxb\txw2\4.0.6\txw2-4.0.6.jar;C:\Users\Usuario\.m2\repository\com\sun\istack\istack-commons-runtime\4.1.2\istack-commons-runtime-4.1.2.jar;C:\Users\Usuario\.m2\repository\jakarta\inject\jakarta.inject-api\2.0.1\jakarta.inject-api-2.0.1.jar;C:\Users\Usuario\.m2\repository\org\antlr\antlr4-runtime\4.13.0\antlr4-runtime-4.13.0.jar;C:\Users\Usuario\.m2\repository\org\springframework\data\spring-data-jpa\3.5.5\spring-data-jpa-3.5.5.jar;C:\Users\Usuario\.m2\repository\org\springframework\data\spring-data-commons\3.5.5\spring-data-commons-3.5.5.jar;C:\Users\Usuario\.m2\repository\org\springframework\spring-orm\6.2.12\spring-orm-6.2.12.jar;C:\Users\Usuario\.m2\repository\org\springframework\spring-context\6.2.12\spring-context-6.2.12.jar;C:\Users\Usuario\.m2\repository\org\springframework\spring-tx\6.2.12\spring-tx-6.2.12.jar;C:\Users\Usuario\.m2\repository\org\springframework\spring-beans\6.2.12\spring-beans-6.2.12.jar;C:\Users\Usuario\.m2\repository\org\slf4j\slf4j-api\2.0.17\slf4j-api-2.0.17.jar;C:\Users\Usuario\.m2\repository\org\springframework\spring-aspects\6.2.12\spring-aspects-6.2.12.jar;C:\Users\Usuario\.m2\repository\org\aspectj\aspectjweaver\1.9.24\aspectjweaver-1.9.24.jar;C:\Users\Usuario\.m2\repository\io\jsonwebtoken\jjwt-api\0.12.5\jjwt-api-0.12.5.jar;C:\Users\Usuario\.m2\repository\io\jsonwebtoken\jjwt-impl\0.12.5\jjwt-impl-0.12.5.jar;C:\Users\Usuario\.m2\repository\io\jsonwebtoken\jjwt-jackson\0.12.5\jjwt-jackson-0.12.5.jar;C:\Users\Usuario\.m2\repository\com\fasterxml\jackson\core\jackson-databind\2.19.2\jackson-databind-2.19.2.jar;C:\Users\Usuario\.m2\repository\com\fasterxml\jackson\core\jackson-annotations\2.19.2\jackson-annotations-2.19.2.jar;C:\Users\Usuario\.m2\repository\com\fasterxml\jackson\core\jackson-core\2.19.2\jackson-core-2.19.2.jar;C:\Users\Usuario\.m2\repository\org\springframework\boot\spring-boot-starter-security\3.5.7\spring-boot-starter-security-3.5.7.jar;C:\Users\Usuario\.m2\repository\org\springframework\spring-aop\6.2.12\spring-aop-6.2.12.jar;C:\Users\Usuario\.m2\repository\org\springframework\security\spring-security-config\6.5.6\spring-security-config-6.5.6.jar;C:\Users\Usuario\.m2\repository\org\springframework\security\spring-security-web\6.5.6\spring-security-web-6.5.6.jar;C:\Users\Usuario\.m2\repository\org\springframework\spring-expression\6.2.12\spring-expression-6.2.12.jar;C:\Users\Usuario\.m2\repository\org\springframework\boot\spring-boot-starter-validation\3.5.7\spring-boot-starter-validation-3.5.7.jar;C:\Users\Usuario\.m2\repository\org\apache\tomcat\embed\tomcat-embed-el\10.1.48\tomcat-embed-el-10.1.48.jar;C:\Users\Usuario\.m2\repository\org\hibernate\validator\hibernate-validator\8.0.3.Final\hibernate-validator-8.0.3.Final.jar;C:\Users\Usuario\.m2\repository\jakarta\validation\jakarta.validation-api\3.0.2\jakarta.validation-api-3.0.2.jar;C:\Users\Usuario\.m2\repository\org\springframework\boot\spring-boot-starter-web\3.5.7\spring-boot-starter-web-3.5.7.jar;C:\Users\Usuario\.m2\repository\org\springframework\boot\spring-boot-starter-json\3.5.7\spring-boot-starter-json-3.5.7.jar;C:\Users\Usuario\.m2\repository\com\fasterxml\jackson\datatype\jackson-datatype-jdk8\2.19.2\jackson-datatype-jdk8-2.19.2.jar;C:\Users\Usuario\.m2\repository\com\fasterxml\jackson\datatype\jackson-datatype-jsr310\2.19.2\jackson-datatype-jsr310-2.19.2.jar;C:\Users\Usuario\.m2\repository\com\fasterxml\jackson\module\jackson-module-parameter-names\2.19.2\jackson-module-parameter-names-2.19.2.jar;C:\Users\Usuario\.m2\repository\org\springframework\boot\spring-boot-starter-tomcat\3.5.7\spring-boot-starter-tomcat-3.5.7.jar;C:\Users\Usuario\.m2\repository\org\apache\tomcat\embed\tomcat-embed-core\10.1.48\tomcat-embed-core-10.1.48.jar;C:\Users\Usuario\.m2\repository\org\apache\tomcat\embed\tomcat-embed-websocket\10.1.48\tomcat-embed-websocket-10.1.48.jar;C:\Users\Usuario\.m2\repository\org\springframework\spring-web\6.2.12\spring-web-6.2.12.jar;C:\Users\Usuario\.m2\repository\io\micrometer\micrometer-observation\1.15.5\micrometer-observation-1.15.5.jar;C:\Users\Usuario\.m2\repository\io\micrometer\micrometer-commons\1.15.5\micrometer-commons-1.15.5.jar;C:\Users\Usuario\.m2\repository\org\springframework\spring-webmvc\6.2.12\spring-webmvc-6.2.12.jar;C:\Users\Usuario\.m2\repository\org\springframework\boot\spring-boot-devtools\3.5.7\spring-boot-devtools-3.5.7.jar;C:\Users\Usuario\.m2\repository\org\springframework\boot\spring-boot\3.5.7\spring-boot-3.5.7.jar;C:\Users\Usuario\.m2\repository\org\springframework\boot\spring-boot-autoconfigure\3.5.7\spring-boot-autoconfigure-3.5.7.jar;C:\Users\Usuario\.m2\repository\com\mysql\mysql-connector-j\9.4.0\mysql-connector-j-9.4.0.jar;C:\Users\Usuario\.m2\repository\org\postgresql\postgresql\42.7.8\postgresql-42.7.8.jar;C:\Users\Usuario\.m2\repository\org\checkerframework\checker-qual\3.49.5\checker-qual-3.49.5.jar;C:\Users\Usuario\.m2\repository\org\projectlombok\lombok\1.18.42\lombok-1.18.42.jar;C:\Users\Usuario\.m2\repository\org\springframework\boot\spring-boot-starter-websocket\3.5.7\spring-boot-starter-websocket-3.5.7.jar;C:\Users\Usuario\.m2\repository\org\springframework\spring-messaging\6.2.12\spring-messaging-6.2.12.jar;C:\Users\Usuario\.m2\repository\org\springframework\spring-websocket\6.2.12\spring-websocket-6.2.12.jar;C:\Users\Usuario\.m2\repository\jakarta\xml\bind\jakarta.xml.bind-api\4.0.4\jakarta.xml.bind-api-4.0.4.jar;C:\Users\Usuario\.m2\repository\jakarta\activation\jakarta.activation-api\2.1.4\jakarta.activation-api-2.1.4.jar;C:\Users\Usuario\.m2\repository\net\minidev\json-smart\2.5.2\json-smart-2.5.2.jar;C:\Users\Usuario\.m2\repository\net\minidev\accessors-smart\2.5.2\accessors-smart-2.5.2.jar;C:\Users\Usuario\.m2\repository\org\ow2\asm\asm\9.7.1\asm-9.7.1.jar;C:\Users\Usuario\.m2\repository\org\hamcrest\hamcrest\3.0\hamcrest-3.0.jar;C:\Users\Usuario\.m2\repository\org\springframework\spring-core\6.2.12\spring-core-6.2.12.jar;C:\Users\Usuario\.m2\repository\org\springframework\spring-jcl\6.2.12\spring-jcl-6.2.12.jar;C:\Users\Usuario\.m2\repository\com\cloudinary\cloudinary-http44\1.39.0\cloudinary-http44-1.39.0.jar;C:\Users\Usuario\.m2\repository\com\cloudinary\cloudinary-core\1.39.0\cloudinary-core-1.39.0.jar;C:\Users\Usuario\.m2\repository\org\apache\commons\commons-lang3\3.17.0\commons-lang3-3.17.0.jar;C:\Users\Usuario\.m2\repository\org\apache\httpcomponents\httpclient\4.4\httpclient-4.4.jar;C:\Users\Usuario\.m2\repository\commons-logging\commons-logging\1.2\commons-logging-1.2.jar;C:\Users\Usuario\.m2\repository\org\apache\httpcomponents\httpmime\4.4\httpmime-4.4.jar;C:\Users\Usuario\.m2\repository\org\springframework\security\spring-security-core\6.5.6\spring-security-core-6.5.6.jar;C:\Users\Usuario\.m2\repository\org\springframework\security\spring-security-crypto\6.5.6\spring-security-crypto-6.5.6.jar;C:\Users\Usuario\.m2\repository\org\springframework\boot\spring-boot-starter-mail\3.5.7\spring-boot-starter-mail-3.5.7.jar;C:\Users\Usuario\.m2\repository\org\springframework\spring-context-support\6.2.12\spring-context-support-6.2.12.jar;C:\Users\Usuario\.m2\repository\org\eclipse\angus\jakarta.mail\2.0.5\jakarta.mail-2.0.5.jar;C:\Users\Usuario\.m2\repository\org\eclipse\angus\angus-activation\2.0.3\angus-activation-2.0.3.jar;C:\Users\Usuario\.m2\repository\com\mercadopago\sdk-java\2.1.7\sdk-java-2.1.7.jar;C:\Users\Usuario\.m2\repository\org\apache\maven\plugins\maven-javadoc-plugin\3.3.2\maven-javadoc-plugin-3.3.2.jar;C:\Users\Usuario\.m2\repository\org\apache\maven\maven-core\3.0\maven-core-3.0.jar;C:\Users\Usuario\.m2\repository\org\apache\maven\maven-settings-builder\3.0\maven-settings-builder-3.0.jar;C:\Users\Usuario\.m2\repository\org\apache\maven\maven-repository-metadata\3.0\maven-repository-metadata-3.0.jar;C:\Users\Usuario\.m2\repository\org\apache\maven\maven-model-builder\3.0\maven-model-builder-3.0.jar;C:\Users\Usuario\.m2\repository\org\apache\maven\maven-aether-provider\3.0\maven-aether-provider-3.0.jar;C:\Users\Usuario\.m2\repository\org\sonatype\aether\aether-impl\1.7\aether-impl-1.7.jar;C:\Users\Usuario\.m2\repository\org\sonatype\aether\aether-spi\1.7\aether-spi-1.7.jar;C:\Users\Usuario\.m2\repository\org\sonatype\aether\aether-api\1.7\aether-api-1.7.jar;C:\Users\Usuario\.m2\repository\org\sonatype\aether\aether-util\1.7\aether-util-1.7.jar;C:\Users\Usuario\.m2\repository\org\sonatype\sisu\sisu-inject-plexus\1.4.2\sisu-inject-plexus-1.4.2.jar;C:\Users\Usuario\.m2\repository\org\sonatype\sisu\sisu-inject-bean\1.4.2\sisu-inject-bean-1.4.2.jar;C:\Users\Usuario\.m2\repository\org\sonatype\sisu\sisu-guice\2.1.7\sisu-guice-2.1.7-noaop.jar;C:\Users\Usuario\.m2\repository\org\codehaus\plexus\plexus-interpolation\1.14\plexus-interpolation-1.14.jar;C:\Users\Usuario\.m2\repository\org\codehaus\plexus\plexus-classworlds\2.2.3\plexus-classworlds-2.2.3.jar;C:\Users\Usuario\.m2\repository\org\codehaus\plexus\plexus-component-annotations\1.5.5\plexus-component-annotations-1.5.5.jar;C:\Users\Usuario\.m2\repository\org\sonatype\plexus\plexus-sec-dispatcher\1.3\plexus-sec-dispatcher-1.3.jar;C:\Users\Usuario\.m2\repository\org\sonatype\plexus\plexus-cipher\1.4\plexus-cipher-1.4.jar;C:\Users\Usuario\.m2\repository\org\apache\maven\maven-model\3.0\maven-model-3.0.jar;C:\Users\Usuario\.m2\repository\org\apache\maven\maven-settings\3.0\maven-settings-3.0.jar;C:\Users\Usuario\.m2\repository\org\apache\maven\maven-plugin-api\3.0\maven-plugin-api-3.0.jar;C:\Users\Usuario\.m2\repository\org\apache\maven\maven-artifact\3.0\maven-artifact-3.0.jar;C:\Users\Usuario\.m2\repository\org\apache\maven\reporting\maven-reporting-api\3.1.0\maven-reporting-api-3.1.0.jar;C:\Users\Usuario\.m2\repository\org\apache\maven\maven-archiver\3.5.1\maven-archiver-3.5.1.jar;C:\Users\Usuario\.m2\repository\org\apache\maven\shared\maven-shared-utils\3.3.3\maven-shared-utils-3.3.3.jar;C:\Users\Usuario\.m2\repository\org\apache\maven\shared\maven-invoker\3.1.0\maven-invoker-3.1.0.jar;C:\Users\Usuario\.m2\repository\javax\inject\javax.inject\1\javax.inject-1.jar;C:\Users\Usuario\.m2\repository\org\apache\maven\shared\maven-common-artifact-filters\3.1.1\maven-common-artifact-filters-3.1.1.jar;C:\Users\Usuario\.m2\repository\org\apache\maven\shared\maven-artifact-transfer\0.13.1\maven-artifact-transfer-0.13.1.jar;C:\Users\Usuario\.m2\repository\org\apache\maven\doxia\doxia-sink-api\1.11.1\doxia-sink-api-1.11.1.jar;C:\Users\Usuario\.m2\repository\org\apache\maven\doxia\doxia-logging-api\1.11.1\doxia-logging-api-1.11.1.jar;C:\Users\Usuario\.m2\repository\org\apache\maven\doxia\doxia-site-renderer\1.11.1\doxia-site-renderer-1.11.1.jar;C:\Users\Usuario\.m2\repository\org\apache\maven\doxia\doxia-core\1.11.1\doxia-core-1.11.1.jar;C:\Users\Usuario\.m2\repository\org\apache\maven\doxia\doxia-decoration-model\1.11.1\doxia-decoration-model-1.11.1.jar;C:\Users\Usuario\.m2\repository\org\apache\maven\doxia\doxia-skin-model\1.11.1\doxia-skin-model-1.11.1.jar;C:\Users\Usuario\.m2\repository\org\apache\maven\doxia\doxia-module-xhtml\1.11.1\doxia-module-xhtml-1.11.1.jar;C:\Users\Usuario\.m2\repository\org\apache\maven\doxia\doxia-module-xhtml5\1.11.1\doxia-module-xhtml5-1.11.1.jar;C:\Users\Usuario\.m2\repository\org\codehaus\plexus\plexus-i18n\1.0-beta-10\plexus-i18n-1.0-beta-10.jar;C:\Users\Usuario\.m2\repository\org\codehaus\plexus\plexus-container-default\1.0-alpha-30\plexus-container-default-1.0-alpha-30.jar;C:\Users\Usuario\.m2\repository\junit\junit\4.13.2\junit-4.13.2.jar;C:\Users\Usuario\.m2\repository\org\hamcrest\hamcrest-core\3.0\hamcrest-core-3.0.jar;C:\Users\Usuario\.m2\repository\org\codehaus\plexus\plexus-velocity\1.2\plexus-velocity-1.2.jar;C:\Users\Usuario\.m2\repository\org\apache\velocity\velocity\1.7\velocity-1.7.jar;C:\Users\Usuario\.m2\repository\commons-lang\commons-lang\2.4\commons-lang-2.4.jar;C:\Users\Usuario\.m2\repository\org\apache\velocity\velocity-tools\2.0\velocity-tools-2.0.jar;C:\Users\Usuario\.m2\repository\commons-beanutils\commons-beanutils\1.7.0\commons-beanutils-1.7.0.jar;C:\Users\Usuario\.m2\repository\commons-digester\commons-digester\1.8\commons-digester-1.8.jar;C:\Users\Usuario\.m2\repository\commons-chain\commons-chain\1.1\commons-chain-1.1.jar;C:\Users\Usuario\.m2\repository\dom4j\dom4j\1.1\dom4j-1.1.jar;C:\Users\Usuario\.m2\repository\oro\oro\2.0.8\oro-2.0.8.jar;C:\Users\Usuario\.m2\repository\commons-collections\commons-collections\3.2.2\commons-collections-3.2.2.jar;C:\Users\Usuario\.m2\repository\org\apache\maven\wagon\wagon-provider-api\2.4\wagon-provider-api-2.4.jar;C:\Users\Usuario\.m2\repository\org\apache\commons\commons-text\1.9\commons-text-1.9.jar;C:\Users\Usuario\.m2\repository\com\thoughtworks\qdox\qdox\2.0.1\qdox-2.0.1.jar;C:\Users\Usuario\.m2\repository\org\codehaus\plexus\plexus-java\1.1.0\plexus-java-1.1.0.jar;C:\Users\Usuario\.m2\repository\org\codehaus\plexus\plexus-archiver\4.2.6\plexus-archiver-4.2.6.jar;C:\Users\Usuario\.m2\repository\org\apache\commons\commons-compress\1.21\commons-compress-1.21.jar;C:\Users\Usuario\.m2\repository\org\iq80\snappy\snappy\0.4\snappy-0.4.jar;C:\Users\Usuario\.m2\repository\org\tukaani\xz\1.9\xz-1.9.jar;C:\Users\Usuario\.m2\repository\org\codehaus\plexus\plexus-io\3.2.0\plexus-io-3.2.0.jar;C:\Users\Usuario\.m2\repository\org\codehaus\plexus\plexus-utils\3.3.0\plexus-utils-3.3.0.jar;C:\Users\Usuario\.m2\repository\commons-io\commons-io\2.11.0\commons-io-2.11.0.jar;C:\Users\Usuario\.m2\repository\org\codehaus\plexus\plexus-interactivity-api\1.1\plexus-interactivity-api-1.1.jar;C:\Users\Usuario\.m2\repository\com\google\code\gson\gson\2.13.2\gson-2.13.2.jar;C:\Users\Usuario\.m2\repository\com\google\errorprone\error_prone_annotations\2.41.0\error_prone_annotations-2.41.0.jar;C:\Users\Usuario\.m2\repository\org\springframework\boot\spring-boot-starter-oauth2-client\3.5.7\spring-boot-starter-oauth2-client-3.5.7.jar;C:\Users\Usuario\.m2\repository\org\springframework\security\spring-security-oauth2-client\6.5.6\spring-security-oauth2-client-6.5.6.jar;C:\Users\Usuario\.m2\repository\org\springframework\security\spring-security-oauth2-core\6.5.6\spring-security-oauth2-core-6.5.6.jar;C:\Users\Usuario\.m2\repository\com\nimbusds\oauth2-oidc-sdk\9.43.6\oauth2-oidc-sdk-9.43.6.jar;C:\Users\Usuario\.m2\repository\com\github\stephenc\jcip\jcip-annotations\1.0-1\jcip-annotations-1.0-1.jar;C:\Users\Usuario\.m2\repository\com\nimbusds\content-type\2.2\content-type-2.2.jar;C:\Users\Usuario\.m2\repository\com\nimbusds\lang-tag\1.7\lang-tag-1.7.jar;C:\Users\Usuario\.m2\repository\org\springframework\security\spring-security-oauth2-jose\6.5.6\spring-security-oauth2-jose-6.5.6.jar;C:\Users\Usuario\.m2\repository\com\nimbusds\nimbus-jose-jwt\9.37.4\nimbus-jose-jwt-9.37.4.jar;C:\Users\Usuario\.m2\repository\com\google\api-client\google-api-client\2.2.0\google-api-client-2.2.0.jar;C:\Users\Usuario\.m2\repository\commons-codec\commons-codec\1.18.0\commons-codec-1.18.0.jar;C:\Users\Usuario\.m2\repository\com\google\http-client\google-http-client-gson\1.42.3\google-http-client-gson-1.42.3.jar;C:\Users\Usuario\.m2\repository\com\google\guava\guava\31.1-jre\guava-31.1-jre.jar;C:\Users\Usuario\.m2\repository\com\google\guava\failureaccess\1.0.1\failureaccess-1.0.1.jar;C:\Users\Usuario\.m2\repository\com\google\guava\listenablefuture\9999.0-empty-to-avoid-conflict-with-guava\listenablefuture-9999.0-empty-to-avoid-conflict-with-guava.jar;C:\Users\Usuario\.m2\repository\com\google\code\findbugs\jsr305\3.0.2\jsr305-3.0.2.jar;C:\Users\Usuario\.m2\repository\com\google\j2objc\j2objc-annotations\1.3\j2objc-annotations-1.3.jar;C:\Users\Usuario\.m2\repository\com\google\http-client\google-http-client-apache-v2\1.42.3\google-http-client-apache-v2-1.42.3.jar;C:\Users\Usuario\.m2\repository\org\apache\httpcomponents\httpcore\4.4.16\httpcore-4.4.16.jar;C:\Users\Usuario\.m2\repository\com\google\http-client\google-http-client\1.42.3\google-http-client-1.42.3.jar;C:\Users\Usuario\.m2\repository\io\opencensus\opencensus-api\0.31.1\opencensus-api-0.31.1.jar;C:\Users\Usuario\.m2\repository\io\grpc\grpc-context\1.27.2\grpc-context-1.27.2.jar;C:\Users\Usuario\.m2\repository\io\opencensus\opencensus-contrib-http-util\0.31.1\opencensus-contrib-http-util-0.31.1.jar;C:\Users\Usuario\.m2\repository\com\google\oauth-client\google-oauth-client\1.34.1\google-oauth-client-1.34.1.jar
Launcher Type: SUN_STANDARD

[Global flags]
     intx CICompilerCount                          = 4                                         {product} {ergonomic}
     uint ConcGCThreads                            = 2                                         {product} {ergonomic}
     uint G1ConcRefinementThreads                  = 8                                         {product} {ergonomic}
   size_t G1HeapRegionSize                         = 2097152                                   {product} {ergonomic}
   size_t InitialHeapSize                          = 234881024                                 {product} {ergonomic}
   size_t MarkStackSize                            = 4194304                                   {product} {ergonomic}
   size_t MaxHeapSize                              = 3739222016                                {product} {ergonomic}
   size_t MaxNewSize                               = 2241855488                                {product} {ergonomic}
   size_t MinHeapDeltaBytes                        = 2097152                                   {product} {ergonomic}
   size_t MinHeapSize                              = 8388608                                   {product} {ergonomic}
    uintx NonNMethodCodeHeapSize                   = 5839372                                {pd product} {ergonomic}
    uintx NonProfiledCodeHeapSize                  = 122909434                              {pd product} {ergonomic}
    uintx ProfiledCodeHeapSize                     = 122909434                              {pd product} {ergonomic}
    uintx ReservedCodeCacheSize                    = 251658240                              {pd product} {ergonomic}
     bool SegmentedCodeCache                       = true                                      {product} {ergonomic}
   size_t SoftMaxHeapSize                          = 3739222016                             {manageable} {ergonomic}
     bool UseCompressedOops                        = true                           {product lp64_product} {ergonomic}
     bool UseG1GC                                  = true                                      {product} {ergonomic}
     bool UseLargePagesIndividualAllocation        = false                                  {pd product} {ergonomic}

Logging:
Log output configuration:
 #0: stdout all=warning uptime,level,tags foldmultilines=false
 #1: stderr all=off uptime,level,tags foldmultilines=false

Environment Variables:
PATH=C:\Program Files\Common Files\Oracle\Java\javapath;C:\Program Files (x86)\Common Files\Oracle\Java\javapath;C:\WINDOWS\system32;C:\WINDOWS;C:\WINDOWS\System32\Wbem;C:\WINDOWS\System32\WindowsPowerShell\v1.0\;C:\WINDOWS\System32\OpenSSH\;C:\Program Files\CodeBlocks\MinGW\bin;C:\Program Files\dotnet\;D:\Git\cmd;D:\node.js\;D:\cursor\resources\app\bin;C:\Users\Usuario\AppData\Local\Microsoft\WindowsApps;D:\Microsoft VS Code\bin;C:\Users\Usuario\AppData\Local\JetBrains\Toolbox\scripts;C:\Users\Usuario\AppData\Roaming\npm
USERNAME=Usuario
OS=Windows_NT
PROCESSOR_IDENTIFIER=AMD64 Family 23 Model 24 Stepping 1, AuthenticAMD
TMP=C:\Users\Usuario\AppData\Local\Temp
TEMP=C:\Users\Usuario\AppData\Local\Temp




Periodic native trim disabled

---------------  S Y S T E M  ---------------

OS:
 Windows 10 , 64 bit Build 19041 (10.0.19041.5915)
OS uptime: 2 days 23:01 hours

CPU: total 8 (initial active 8) (8 cores per cpu, 2 threads per core) family 23 model 24 stepping 1 microcode 0x0, cx8, cmov, fxsr, ht, mmx, 3dnowpref, sse, sse2, sse3, ssse3, sse4a, sse4.1, sse4.2, popcnt, lzcnt, tsc, tscinvbit, avx, avx2, aes, clmul, bmi1, bmi2, adx, sha, fma, vzeroupper, clflush, clflushopt, rdtscp, f16c
Processor Information for all 8 processors :
  Max Mhz: 3700, Current Mhz: 3700, Mhz Limit: 3700

Memory: 4k page, system-wide physical 14263M (5860M free)
TotalPageFile size 22455M (AvailPageFile size 10090M)
current process WorkingSet (physical memory assigned to process): 76M, peak: 76M
current process commit charge ("private bytes"): 327M, peak: 327M

vm_info: OpenJDK 64-Bit Server VM (22.0.2+9-70) for windows-amd64 JRE (22.0.2+9-70), built on 2024-06-04T16:52:23Z by "mach5one" with MS VC++ 17.6 (VS2022)

END.
